============================================================
TESTING GAP ANALYSIS
============================================================

1. FOUND 0 LATEST ASSESSMENT RECORDS:

2. TESTING analyze_skills() FUNCTION:
[DEBUG] analyze_skills called for user 1
[DEBUG] Found 0 latest assessment records
[DEBUG] No assessment records found, falling back to UserSkill
python : Traceback (most recent call last):
At line:1 char:13
+ cd backend; python test_gap_analysis.py 2>&1 | Tee-Object -FilePath t ...
+             ~~~~~~~~~~~~~~~~~~~~~~~~~~~~~~~~
    + CategoryInfo          : NotSpecified: (Traceback (most recent call last)::String) [], RemoteExceptio 
   n
    + FullyQualifiedErrorId : NativeCommandError
 
  File "C:\Users\windows-11\Desktop\career-compass-ai-main\backend\test_gap_analysis.py", line 68, in 
<module>
    test_gap_analysis()
    ~~~~~~~~~~~~~~~~~^^
  File "C:\Users\windows-11\Desktop\career-compass-ai-main\backend\test_gap_analysis.py", line 36, in 
test_gap_analysis
    print(f"   Total skills in analysis: {result['total_skills']}")
                                          ~~~~~~^^^^^^^^^^^^^^^^
KeyError: 'total_skills'
